
====================================================================================================
[2026-08-19 15:47:52.070] GET https://appsfeed.whmcs.com/feed.json
────────────────────────────────────────────────────────────────────────────────────────────────────
► REQUEST HEADERS:
  accept: */*
────────────────────────────────────────────────────────────────────────────────────────────────────
◄ RESPONSE: 200 
◄ RESPONSE HEADERS:
  content-type: application/json
  content-length: 42714
  server: AmazonS3
  last-modified: Thu, 23 Apr 2026 15:18:10 GMT
  x-amz-server-side-encryption: AES256
  accept-ranges: bytes
  date: Wed, 19 Aug 2026 02:00:16 GMT
  etag: "c51c1d8b287eb9cfa78543e02842f1af"
  x-cache: Hit from cloudfront
  via: 1.1 582a1b89cb4761c9f90df11787f9930e.cloudfront.net (CloudFront)
  x-amz-cf-pop: HAN51-P1
  x-amz-cf-id: y3ApAevkFkYXtJzSrHlEWrs7yWdgk0KS_XFOz02_xjNbwAcz0Xj80g==
  age: 49653
◄ RESPONSE BODY:
{"heros":{"default":[{"image":"https:\/\/appsfeed.whmcs.com\/hero_images\/paypal-0126-lg.png","app_key":"gateways.paypal_ppcpv"},{"image":"https:\/\/appsfeed.whmcs.com\/hero_images\/360-monitoring.png","app_key":"marketconnect.threesixtymonitoring"},{"image":"https:\/\/appsfeed.whmcs.com\/hero_images\/slack.png","app_key":"notifications.slack"},{"image":"https:\/\/appsfeed.whmcs.com\/hero_images\/digicert.png","app_key":"marketconnect.symantec"},{"image":"https:\/\/appsfeed.whmcs.com\/hero_images\/google-analytics.png","app_key":"addons.google_analytics"}]},"categories":[{"slug":"new","name":"New & Noteworthy","tagline":"Apps that have been updated recently.","moduleType":"","featured":{"default":["servers.cpanel","marketconnect.threesixtymonitoring","marketconnect.nordvpn","gateways.paypal_ppcpv","servers.plesk","marketconnect.sitebuilder","gateways.stripe","marketconnect.socialbee"]},"additions":[],"includeInHomeFeatured":true,"homeNumFeaturedApps":8},{"slug":"webhosting","name":"Web Hosting","tagline":"Apps that allow you to provision web hosting services.","moduleType":"","featured":{"default":["servers.cpanel","servers.plesk","servers.directadmin"]},"exclusions":[],"additions":["servers.cpanel","servers.plesk","servers.directadmin","servers.interworx","servers.heartinternet","servers.helm","servers.helm4","servers.virtualmin","servers.websitepanel"],"icon":"fas fa-server","includeInHomeFeatured":true,"homeNumFeaturedApps":2},{"slug":"vpscloud","name":"VPS\/Cloud","tagline":"Apps that allow you to provision virtual hosting services.","moduleType":"","featured":{"default":["servers.solusvm","servers.onapp"]},"exclusions":[],"additions":["servers.solusvm","servers.onapp","servers.cloudmin","servers.hypervm","servers.vpsnet"],"icon":"fas fa-cloud","homeNumFeaturedApps":2},{"slug":"digitalservices","name":"Digital Services","tagline":"Apps that allow you to resell value add digital services.","moduleType":"","featured":{"default":["marketconnect.symantec","marketcon
... [TRUNCATED - 42714 total chars]
====================================================================================================
